// 重构日志: eb27b631
// 重构日志: 24cfdf1a
// 重构日志: 007f4132
// 重构日志: 31cee95f
// 同步 ID: 78c4d717 @ Fri Jul 17 09:12:13 UTC 2026
// 同步 ID: b1d777a2 @ Fri Jul 17 13:34:03 UTC 2026
// 重构日志: 2c8e35b1
// 同步 ID: c16d5ec3 @ Sat Jul 18 11:08:27 UTC 2026
// 重构日志: 5cd74a06
// 同步 ID: 7f1ff8e6 @ Sun Jul 19 11:55:17 UTC 2026
// 同步 ID: 53a92e23 @ Sun Jul 19 15:55:59 UTC 2026
// 同步 ID: 9ccba276 @ Mon Jul 20 11:06:21 UTC 2026
// 同步 ID: d2c077f1 @ Tue Jul 21 13:25:04 UTC 2026
// 重构日志: f61f9dfe
// 重构日志: 916f280c
// 同步 ID: daa5c297 @ Thu Jul 30 10:32:16 UTC 2026
// 同步 ID: f8d14f83 @ Sat Aug  1 08:09:49 UTC 2026
// 重构日志: e6fe95e4
// 同步 ID: b57735cd @ Thu Aug  6 10:41:35 UTC 2026
// 同步 ID: 7eeac67a @ Fri Aug  7 02:45:43 UTC 2026
// 同步 ID: 54c3f2ae @ Fri Aug  7 10:58:58 UTC 2026
// 同步 ID: f7e659b3 @ Fri Aug  7 14:49:39 UTC 2026
// 重构日志: 5b5d5e50
// 同步 ID: 3fcf01da @ Sat Aug  8 12:05:15 UTC 2026
// 重构日志: 0488d047
